$ python neuralnets/run.py --run v1 --learning-rates 1e-4 1e-3 1e-2 --optimizer adam --layers 512 256 --batch-size 1024 --dropout 0.5        
Loading cached transformed data...
(17507702, 30) (17507702, 1)  
(3751650, 30) (3751650, 1)    
(3751651, 30) (3751651, 1)    

Class distribution - Train: Benign=35.11%, Malware=64.89%
Class distribution - Val: Benign=35.12%, Malware=64.88%
Class distribution - Test: Benign=35.08%, Malware=64.92%

Using CUDA...          
INFO |     
##### Model (v1) ##### 
INFO | Learning Rate: 0.0001  
INFO | Optimizer: adam 
INFO | Hidden Layers: [512, 256]  
INFO | Batch Size: 1024                        
INFO | Num Epochs: 30  
INFO | Dropout: 0.5    
100%|█| 17098/17098 [02:23<00:00, 119.30it/s, l
INFO | [EPOCH 1] LOSS : train=0.06193279077595581 val=0.04399669261554695 | ACCURACY : train=0.9704778216807992 val=0.9813311080484932       
100%|█| 17098/17098 [02:17<00:00, 124.23it/s, l
100%|█| 17098/17098 [02:14<00:00, 127.10it/s, l
100%|█| 17098/17098 [02:14<00:00, 127.03it/s, l
100%|█| 17098/17098 [02:15<00:00, 126.42it/s, l
100%|█| 17098/17098 [02:15<00:00, 126.60it/s, l
INFO | [EPOCH 6] LOSS : train=0.04421695960204752 val=0.042641721278231785 | ACCURACY : train=0.9801755961005012 val=0.9815976371150871      
100%|█| 17098/17098 [02:13<00:00, 128.00it/s, l
100%|█| 17098/17098 [02:14<00:00, 126.93it/s, l
100%|█| 17098/17098 [02:14<00:00, 127.02it/s, l
100%|█| 17098/17098 [02:14<00:00, 127.30it/s, l
100%|█| 17098/17098 [02:15<00:00, 125.81it/s, l
INFO | [EPOCH 11] LOSS : train=0.04308262013335987 val=0.0411627377834838 | ACCURACY : train=0.98074258264498 val=0.9816032342254856         
100%|█| 17098/17098 [02:14<00:00, 126.67it/s, l
100%|█| 17098/17098 [02:14<00:00, 127.17it/s, l
100%|█| 17098/17098 [02:14<00:00, 127.53it/s, l
100%|█| 17098/17098 [02:15<00:00, 126.32it/s, l
100%|█| 17098/17098 [02:14<00:00, 126.78it/s, l
INFO | [EPOCH 16] LOSS : train=0.042539124762826126 val=0.040904033408036625 | ACCURACY : train=0.9809642482820429 val=0.9815979036441537    
100%|█| 17098/17098 [02:13<00:00, 127.91it/s, l
100%|█| 17098/17098 [02:14<00:00, 126.79it/s, l
100%|█| 17098/17098 [02:14<00:00, 127.22it/s, l
100%|█| 17098/17098 [02:14<00:00, 127.15it/s, l
100%|█| 17098/17098 [02:14<00:00, 127.41it/s, l
INFO | [EPOCH 21] LOSS : train=0.04228490756549867 val=0.041207370167297176 | ACCURACY : train=0.981093396117972 val=0.9816000358766864      
100%|█| 17098/17098 [02:13<00:00, 128.21it/s, l
100%|█| 17098/17098 [02:14<00:00, 126.77it/s, l
100%|█| 17098/17098 [02:14<00:00, 127.51it/s, l
100%|█| 17098/17098 [02:14<00:00, 127.33it/s, l
100%|█| 17098/17098 [02:14<00:00, 126.89it/s, l
INFO | [EPOCH 26] LOSS : train=0.04213741750304204 val=0.040911998478777085 | ACCURACY : train=0.9811635096354266 val=0.9816050999289517     
100%|█| 17098/17098 [02:13<00:00, 128.10it/s, l
100%|█| 17098/17098 [02:15<00:00, 126.15it/s, l
100%|█| 17098/17098 [02:13<00:00, 127.66it/s, l
100%|█| 17098/17098 [02:14<00:00, 127.42it/s, l
INFO | Restored best model weights with val_acc=0.981605
INFO | Test accuracy: 98.17558152511651 %      
INFO |     
##### Model (v1) ##### 
INFO | Learning Rate: 0.001   
INFO | Optimizer: adam 
INFO | Hidden Layers: [512, 256]  
INFO | Batch Size: 1024                        
INFO | Num Epochs: 30  
INFO | Dropout: 0.5    
100%|█| 17098/17098 [02:13<00:00, 127.63it/s, l
INFO | [EPOCH 1] LOSS : train=0.054187282453623274 val=0.04342238008609961 | ACCURACY : train=0.9745157381005699 val=0.9815915069465554      
100%|█| 17098/17098 [02:14<00:00, 127.03it/s, l
100%|█| 17098/17098 [02:15<00:00, 126.46it/s, l
100%|█| 17098/17098 [02:14<00:00, 126.96it/s, l
100%|█| 17098/17098 [02:14<00:00, 126.93it/s, l
100%|█| 17098/17098 [02:14<00:00, 126.93it/s, l
INFO | [EPOCH 6] LOSS : train=0.043878130518128326 val=0.04081137222619158 | ACCURACY : train=0.9800264523041599 val=0.9816048333998851      
100%|█| 17098/17098 [02:14<00:00, 127.45it/s, l
100%|█| 17098/17098 [02:14<00:00, 126.74it/s, l
100%|█| 17098/17098 [02:15<00:00, 126.45it/s, l
100%|█| 17098/17098 [02:15<00:00, 125.82it/s, l
100%|█| 17098/17098 [02:15<00:00, 126.32it/s, l
INFO | [EPOCH 11] LOSS : train=0.04291666682309778 val=0.040789263775393235 | ACCURACY : train=0.9805241304470762 val=0.9816072321614844     
100%|█| 17098/17098 [02:16<00:00, 124.85it/s, l
100%|█| 17098/17098 [02:16<00:00, 125.67it/s, l
100%|█| 17098/17098 [02:15<00:00, 126.32it/s, l
100%|█| 17098/17098 [02:14<00:00, 126.82it/s, l
100%|█| 17098/17098 [02:15<00:00, 126.48it/s, l
INFO | [EPOCH 16] LOSS : train=0.04253593392782144 val=0.04074741693266452 | ACCURACY : train=0.9807323168029366 val=0.9815984367022869      
100%|█| 17098/17098 [02:15<00:00, 125.88it/s, l
100%|█| 17098/17098 [02:16<00:00, 125.15it/s, l
100%|█| 17098/17098 [02:14<00:00, 126.69it/s, l
100%|█| 17098/17098 [02:14<00:00, 126.76it/s, l
100%|█| 17098/17098 [02:15<00:00, 126.24it/s, l
INFO | [EPOCH 21] LOSS : train=0.042320440764300256 val=0.04080381789412472 | ACCURACY : train=0.9808857958837481 val=0.9816000358766864     
100%|█| 17098/17098 [02:16<00:00, 125.31it/s, l
100%|█| 17098/17098 [02:16<00:00, 125.28it/s, l
100%|█| 17098/17098 [02:15<00:00, 125.88it/s, l
100%|█| 17098/17098 [02:14<00:00, 127.34it/s, l
100%|█| 17098/17098 [02:14<00:00, 126.91it/s, l
INFO | [EPOCH 26] LOSS : train=0.04219740814120728 val=0.040816246333641844 | ACCURACY : train=0.9809525368338873 val=0.98159896976042       
INFO | Early stopping triggered! No improvement in val_acc for 3 epochs. Best val_acc: 0.981607
INFO | Restored best model weights with val_acc=0.981607
INFO | Test accuracy: 98.17539495476989 %      
INFO |     
##### Model (v1) ##### 
INFO | Learning Rate: 0.01    
INFO | Optimizer: adam 
INFO | Hidden Layers: [512, 256]  
INFO | Batch Size: 1024                        
INFO | Num Epochs: 30  
INFO | Dropout: 0.5    
100%|█| 17098/17098 [02:12<00:00, 128.59it/s, l
INFO | [EPOCH 1] LOSS : train=0.05919262402708268 val=0.04561286285701594 | ACCURACY : train=0.972136031662404 val=0.9722044731299169        
100%|█| 17098/17098 [02:13<00:00, 128.05it/s, l
100%|█| 17098/17098 [02:14<00:00, 126.77it/s, l
100%|█| 17098/17098 [02:14<00:00, 127.59it/s, l
100%|█| 17098/17098 [02:14<00:00, 127.00it/s, l
100%|█| 17098/17098 [02:14<00:00, 127.04it/s, l
INFO | [EPOCH 6] LOSS : train=0.046924810298157586 val=0.04180422442910306 | ACCURACY : train=0.9781670811852875 val=0.9815960379406875      
100%|█| 17098/17098 [02:13<00:00, 127.61it/s, l
100%|█| 17098/17098 [02:14<00:00, 127.37it/s, l
100%|█| 17098/17098 [02:14<00:00, 127.42it/s, l
100%|█| 17098/17098 [02:13<00:00, 127.78it/s, l
100%|█| 17098/17098 [02:14<00:00, 126.82it/s, l
INFO | [EPOCH 11] LOSS : train=0.045359192678615746 val=0.041322345025156214 | ACCURACY : train=0.9790362935447459 val=0.9815915069465554    
100%|█| 17098/17098 [02:13<00:00, 127.70it/s, l
100%|█| 17098/17098 [02:14<00:00, 127.41it/s, l
100%|█| 17098/17098 [02:14<00:00, 126.77it/s, l
100%|█| 17098/17098 [02:14<00:00, 127.11it/s, l
100%|█| 17098/17098 [02:13<00:00, 128.19it/s, l
INFO | [EPOCH 16] LOSS : train=0.04497701165571692 val=0.041077869010664216 | ACCURACY : train=0.979396869814428 val=0.9816032342254856      
100%|█| 17098/17098 [02:11<00:00, 129.78it/s, l
100%|█| 17098/17098 [02:10<00:00, 130.76it/s, l
100%|█| 17098/17098 [02:10<00:00, 130.77it/s, l
100%|█| 17098/17098 [02:10<00:00, 130.95it/s, l
100%|█| 17098/17098 [02:10<00:00, 131.16it/s, l
INFO | [EPOCH 21] LOSS : train=0.044642038691075574 val=0.04109674674513705 | ACCURACY : train=0.979658955578944 val=0.9815965709988207      
100%|█| 17098/17098 [02:09<00:00, 131.54it/s, l
100%|█| 17098/17098 [02:10<00:00, 131.06it/s, l
100%|█| 17098/17098 [02:08<00:00, 133.40it/s, l
100%|█| 17098/17098 [02:07<00:00, 134.22it/s, l
100%|█| 17098/17098 [02:07<00:00, 134.18it/s, l
INFO | [EPOCH 26] LOSS : train=0.044024684189824574 val=0.04130310220206685 | ACCURACY : train=0.9799541167758866 val=0.9815584573422977     
100%|█| 17098/17098 [02:07<00:00, 134.56it/s, l
100%|█| 17098/17098 [02:06<00:00, 134.70it/s, l
100%|█| 17098/17098 [02:05<00:00, 135.82it/s, l
100%|█| 17098/17098 [02:03<00:00, 137.89it/s, l
INFO | Restored best model weights with val_acc=0.981603
INFO | Test accuracy: 98.1752616902366 %

Best lr=0.0001 (test acc = 0.9817558152511651) 
$ tmux capture-pane -p -S - -E - -J > v1.log   

