$ python neuralnets/run.py --run v2 --learning-rates 1e-4 1e-3 1e-2 --optimizer adam --layers 512 256 --batch-size 1024 --dropout 0.0        
Loading cached transformed data...
(17507702, 30) (17507702, 1)  
(3751650, 30) (3751650, 1)    
(3751651, 30) (3751651, 1)    

Class distribution - Train: Benign=35.11%, Malware=64.89%
Class distribution - Val: Benign=35.12%, Malware=64.88%
Class distribution - Test: Benign=35.08%, Malware=64.92%

Using CUDA...          
INFO |     
##### Model (v2) ##### 
INFO | Learning Rate: 0.0001  
INFO | Optimizer: adam 
INFO | Hidden Layers: [512, 256]  
INFO | Batch Size: 1024                        
INFO | Num Epochs: 30  
INFO | Dropout: 0.0    
100%|█| 17098/17098 [02:18<00:00, 123.66it/s, l
INFO | [EPOCH 1] LOSS : train=0.051573133300414666 val=0.05164413869799843 | ACCURACY : train=0.9765742984950605 val=0.9813399035076907      
100%|█| 17098/17098 [02:18<00:00, 123.20it/s, l
100%|█| 17098/17098 [02:19<00:00, 122.55it/s, l
100%|█| 17098/17098 [02:18<00:00, 123.71it/s, l
100%|█| 17098/17098 [02:18<00:00, 123.53it/s, l
100%|█| 17098/17098 [02:24<00:00, 118.27it/s, l
INFO | [EPOCH 6] LOSS : train=0.04134639406844526 val=0.041641672191161286 | ACCURACY : train=0.9814787129098622 val=0.9816011019929528      
100%|█| 17098/17098 [02:18<00:00, 123.42it/s, l
100%|█| 17098/17098 [02:18<00:00, 123.17it/s, l
100%|█| 17098/17098 [02:19<00:00, 122.91it/s, l
100%|█| 17098/17098 [02:19<00:00, 122.93it/s, l
100%|█| 17098/17098 [02:19<00:00, 122.85it/s, l
INFO | [EPOCH 11] LOSS : train=0.04095568605116364 val=0.04093183476252148 | ACCURACY : train=0.9815734133188844 val=0.9816082982777508      
100%|█| 17098/17098 [02:19<00:00, 122.63it/s, l
100%|█| 17098/17098 [02:19<00:00, 122.52it/s, l
100%|█| 17098/17098 [02:19<00:00, 122.52it/s, l
100%|█| 17098/17098 [02:19<00:00, 122.71it/s, l
100%|█| 17098/17098 [02:19<00:00, 122.99it/s, l
INFO | [EPOCH 16] LOSS : train=0.040847236060494146 val=0.040970114057966994 | ACCURACY : train=0.9815941612467262 val=0.9815992362894866    
100%|█| 17098/17098 [02:18<00:00, 123.14it/s, l
100%|█| 17098/17098 [02:19<00:00, 122.80it/s, l
100%|█| 17098/17098 [02:18<00:00, 123.17it/s, l
100%|█| 17098/17098 [02:18<00:00, 123.09it/s, l
100%|█| 17098/17098 [02:18<00:00, 123.01it/s, l
INFO | [EPOCH 21] LOSS : train=0.04077339756648636 val=0.04100196696355264 | ACCURACY : train=0.9816061704915119 val=0.9816149615044156      
100%|█| 17098/17098 [02:18<00:00, 123.34it/s, l
100%|█| 17098/17098 [02:18<00:00, 123.16it/s, l
100%|█| 17098/17098 [02:20<00:00, 121.76it/s, l
100%|█| 17098/17098 [02:19<00:00, 122.85it/s, l
100%|█| 17098/17098 [02:19<00:00, 122.33it/s, l
INFO | [EPOCH 26] LOSS : train=0.04073551840718946 val=0.04106815089497056 | ACCURACY : train=0.9816130637627538 val=0.9815933726500216      
100%|█| 17098/17098 [02:19<00:00, 122.85it/s, l
100%|█| 17098/17098 [02:19<00:00, 122.26it/s, l
100%|█| 17098/17098 [02:20<00:00, 122.10it/s, l
100%|█| 17098/17098 [02:20<00:00, 122.02it/s, l
INFO | Restored best model weights with val_acc=0.981615
INFO | Test accuracy: 98.17806024543583 %      
INFO |     
##### Model (v2) ##### 
INFO | Learning Rate: 0.001   
INFO | Optimizer: adam 
INFO | Hidden Layers: [512, 256]  
INFO | Batch Size: 1024                        
INFO | Num Epochs: 30  
INFO | Dropout: 0.0    
100%|█| 17098/17098 [02:21<00:00, 120.81it/s, l
INFO | [EPOCH 1] LOSS : train=0.04671480966535162 val=0.04355327012403726 | ACCURACY : train=0.9786413718642011 val=0.9815899077721558       
100%|█| 17098/17098 [02:20<00:00, 121.75it/s, l
100%|█| 17098/17098 [02:24<00:00, 118.32it/s, l
100%|█| 17098/17098 [02:18<00:00, 123.74it/s, l
100%|█| 17098/17098 [02:18<00:00, 123.45it/s, l
100%|█| 17098/17098 [02:17<00:00, 124.31it/s, l
INFO | [EPOCH 6] LOSS : train=0.04124284105537511 val=0.04182175752924405 | ACCURACY : train=0.9815161685237188 val=0.9815845771908239       
100%|█| 17098/17098 [02:16<00:00, 124.88it/s, l
100%|█| 17098/17098 [02:18<00:00, 123.68it/s, l
100%|█| 17098/17098 [02:17<00:00, 124.02it/s, l
100%|█| 17098/17098 [02:18<00:00, 123.58it/s, l
100%|█| 17098/17098 [02:18<00:00, 123.83it/s, l
INFO | [EPOCH 11] LOSS : train=0.040977420883312264 val=0.04100306281707083 | ACCURACY : train=0.9815622336272678 val=0.9816053664580183     
100%|█| 17098/17098 [02:17<00:00, 124.34it/s, l
100%|█| 17098/17098 [02:17<00:00, 124.35it/s, l
100%|█| 17098/17098 [02:18<00:00, 123.90it/s, l
100%|█| 17098/17098 [02:18<00:00, 123.80it/s, l
100%|█| 17098/17098 [02:17<00:00, 124.11it/s, l
INFO | [EPOCH 16] LOSS : train=0.04090541171393473 val=0.0406844304629508 | ACCURACY : train=0.9815771856988741 val=0.9816011019929528       
100%|█| 17098/17098 [02:18<00:00, 123.87it/s, l
100%|█| 17098/17098 [02:17<00:00, 124.15it/s, l
100%|█| 17098/17098 [02:17<00:00, 124.10it/s, l
100%|█| 17098/17098 [02:20<00:00, 122.05it/s, l
100%|█| 17098/17098 [02:18<00:00, 123.86it/s, l
INFO | [EPOCH 21] LOSS : train=0.04077629519404044 val=0.04096135173036664 | ACCURACY : train=0.9815985319669909 val=0.9816008354638862      
100%|█| 17098/17098 [02:19<00:00, 122.81it/s, l
100%|█| 17098/17098 [02:17<00:00, 124.56it/s, l
100%|█| 17098/17098 [02:17<00:00, 124.55it/s, l
100%|█| 17098/17098 [02:16<00:00, 125.10it/s, l
100%|█| 17098/17098 [02:17<00:00, 124.29it/s, l
INFO | [EPOCH 26] LOSS : train=0.04076726745020135 val=0.04070783331410707 | ACCURACY : train=0.9816001706031878 val=0.9816077652196176      
100%|█| 17098/17098 [02:17<00:00, 124.60it/s, l
100%|█| 17098/17098 [02:17<00:00, 124.36it/s, l
100%|█| 17098/17098 [02:16<00:00, 124.83it/s, l
100%|█| 17098/17098 [02:16<00:00, 124.89it/s, l
INFO | Restored best model weights with val_acc=0.981608
INFO | Test accuracy: 98.17566148383648 %      
INFO |     
##### Model (v2) ##### 
INFO | Learning Rate: 0.01    
INFO | Optimizer: adam 
INFO | Hidden Layers: [512, 256]  
INFO | Batch Size: 1024                        
INFO | Num Epochs: 30  
INFO | Dropout: 0.0    
100%|█| 17098/17098 [02:17<00:00, 124.75it/s, l
INFO | [EPOCH 1] LOSS : train=0.050341946716817 val=0.0485861012712121 | ACCURACY : train=0.9762596541614557 val=0.9815584573422977          
100%|█| 17098/17098 [02:17<00:00, 124.73it/s, l
100%|█| 17098/17098 [02:16<00:00, 125.09it/s, l
100%|█| 17098/17098 [02:17<00:00, 124.57it/s, l
100%|█| 17098/17098 [02:16<00:00, 125.30it/s, l
100%|█| 17098/17098 [02:17<00:00, 124.42it/s, l
INFO | [EPOCH 6] LOSS : train=0.04176731610541919 val=0.04069978435621414 | ACCURACY : train=0.9811862566126957 val=0.9815973705860205       
100%|█| 17098/17098 [02:16<00:00, 125.10it/s, l
100%|█| 17098/17098 [02:16<00:00, 124.81it/s, l
100%|█| 17098/17098 [02:16<00:00, 125.29it/s, l
100%|█| 17098/17098 [02:16<00:00, 125.09it/s, l
100%|█| 17098/17098 [02:15<00:00, 126.09it/s, l
INFO | [EPOCH 11] LOSS : train=0.04146695522582103 val=0.08451279024918885 | ACCURACY : train=0.9813153283932653 val=0.9722026074264508      
100%|█| 17098/17098 [02:13<00:00, 128.35it/s, l
100%|█| 17098/17098 [02:13<00:00, 128.31it/s, l
100%|█| 17098/17098 [02:13<00:00, 128.52it/s, l
100%|█| 17098/17098 [02:13<00:00, 127.77it/s, l
100%|█| 17098/17098 [02:13<00:00, 128.33it/s, l
INFO | [EPOCH 16] LOSS : train=0.041101588454942446 val=0.04071798399838062 | ACCURACY : train=0.9813914729574436 val=0.9815984367022869     
100%|█| 17098/17098 [02:13<00:00, 128.22it/s, l
100%|█| 17098/17098 [02:10<00:00, 131.39it/s, l
100%|█| 17098/17098 [02:10<00:00, 131.35it/s, l
100%|█| 17098/17098 [02:09<00:00, 131.76it/s, l
100%|█| 17098/17098 [02:09<00:00, 132.30it/s, l
INFO | [EPOCH 21] LOSS : train=0.04109415487297065 val=0.040699709292987205 | ACCURACY : train=0.9814004373558781 val=0.9815949718244211     
100%|█| 17098/17098 [02:09<00:00, 132.19it/s, l
100%|█| 17098/17098 [02:07<00:00, 134.01it/s, l
100%|█| 17098/17098 [02:05<00:00, 136.07it/s, l
100%|█| 17098/17098 [02:02<00:00, 139.57it/s, l
100%|█| 17098/17098 [02:01<00:00, 140.42it/s, l
INFO | [EPOCH 26] LOSS : train=0.0408986398178057 val=0.0407422503368018 | ACCURACY : train=0.9815111994666654 val=0.9815971040569539        
100%|█| 17098/17098 [02:00<00:00, 141.41it/s, l
100%|█| 17098/17098 [02:01<00:00, 140.31it/s, l
100%|█| 17098/17098 [02:01<00:00, 140.53it/s, l
100%|█| 17098/17098 [02:01<00:00, 140.27it/s, l
INFO | Restored best model weights with val_acc=0.981598
INFO | Test accuracy: 98.17528834314325 %      

Best lr=0.0001 (test acc = 0.9817806024543583) 
$ tmux capture-pane -p -S - -E - -J > v2.log   

