$ python neuralnets/run.py --run v3 --learning-rates 1e-4 1e-3 1e-2 --optimizer sgd --layers 512 256 --batch-size 1024 --dropout 0.5         
Loading cached transformed data...
(17507702, 30) (17507702, 1)  
(3751650, 30) (3751650, 1)    
(3751651, 30) (3751651, 1)    

Class distribution - Train: Benign=35.11%, Malware=64.89%
Class distribution - Val: Benign=35.12%, Malware=64.88%
Class distribution - Test: Benign=35.08%, Malware=64.92%

Using CUDA...          
INFO |     
##### Model (v3) ##### 
INFO | Learning Rate: 0.0001  
INFO | Optimizer: sgd  
INFO | Hidden Layers: [512, 256]  
INFO | Batch Size: 1024                        
INFO | Num Epochs: 30  
INFO | Dropout: 0.5    
100%|█| 17098/17098 [02:20<00:00, 121.92it/s, l
INFO | [EPOCH 1] LOSS : train=0.39913425452249873 val=0.3355930073422636 | ACCURACY : train=0.6903643005248998 val=0.6485958124905434        
100%|█| 17098/17098 [02:12<00:00, 129.14it/s, l
100%|█| 17098/17098 [02:12<00:00, 128.80it/s, l
100%|█| 17098/17098 [02:19<00:00, 122.38it/s, l
100%|█| 17098/17098 [02:13<00:00, 128.43it/s, l
100%|█| 17098/17098 [02:13<00:00, 128.19it/s, l
INFO | [EPOCH 6] LOSS : train=0.1648289557445717 val=0.12400420252274413 | ACCURACY : train=0.9555435083925913 val=0.9704760321330556        
100%|█| 17098/17098 [02:13<00:00, 128.48it/s, l
100%|█| 17098/17098 [02:14<00:00, 127.58it/s, l
100%|█| 17098/17098 [02:13<00:00, 127.70it/s, l
100%|█| 17098/17098 [02:13<00:00, 127.94it/s, l
100%|█| 17098/17098 [02:13<00:00, 127.65it/s, l
INFO | [EPOCH 11] LOSS : train=0.09044648550258197 val=0.07258783189852328 | ACCURACY : train=0.9702775771436056 val=0.9716932703801898      
100%|█| 17098/17098 [02:13<00:00, 128.36it/s, l
100%|█| 17098/17098 [02:12<00:00, 129.44it/s, l
100%|█| 17098/17098 [02:12<00:00, 129.52it/s, l
100%|█| 17098/17098 [02:13<00:00, 128.03it/s, l
100%|█| 17098/17098 [02:12<00:00, 129.29it/s, l
INFO | [EPOCH 16] LOSS : train=0.07970642328919451 val=0.06781511299116903 | ACCURACY : train=0.9712709465951638 val=0.9716634191247313      
100%|█| 17098/17098 [02:10<00:00, 131.27it/s, l
100%|█| 17098/17098 [02:11<00:00, 130.04it/s, l
100%|█| 17098/17098 [02:10<00:00, 131.05it/s, l
100%|█| 17098/17098 [02:10<00:00, 130.84it/s, l
100%|█| 17098/17098 [02:10<00:00, 131.08it/s, l
INFO | [EPOCH 21] LOSS : train=0.07592086237787168 val=0.066437776517184 | ACCURACY : train=0.971527581944049 val=0.9716077145498132         
100%|█| 17098/17098 [02:10<00:00, 131.51it/s, l
100%|█| 17098/17098 [02:10<00:00, 131.28it/s, l
100%|█| 17098/17098 [02:10<00:00, 130.93it/s, l
100%|█| 17098/17098 [02:11<00:00, 130.42it/s, l
100%|█| 17098/17098 [02:10<00:00, 130.80it/s, l
INFO | [EPOCH 26] LOSS : train=0.07365539969748078 val=0.06542583221699798 | ACCURACY : train=0.9716646593800065 val=0.971595987270883       
INFO | Early stopping triggered! No improvement in val_acc for 3 epochs. Best val_acc: 0.971693
INFO | Restored best model weights with val_acc=0.971693
INFO | Test accuracy: 97.19154975462429 %      
INFO |     
##### Model (v3) ##### 
INFO | Learning Rate: 0.001   
INFO | Optimizer: sgd  
INFO | Hidden Layers: [512, 256]  
INFO | Batch Size: 1024                        
INFO | Num Epochs: 30  
INFO | Dropout: 0.5    
100%|█| 17098/17098 [02:11<00:00, 130.14it/s, l
INFO | [EPOCH 1] LOSS : train=0.21067489926083519 val=0.08272160225299768 | ACCURACY : train=0.8848792334225655 val=0.9714896421733121       
100%|█| 17098/17098 [02:11<00:00, 130.46it/s, l
100%|█| 17098/17098 [02:11<00:00, 130.23it/s, l
100%|█| 17098/17098 [02:10<00:00, 130.54it/s, l
100%|█| 17098/17098 [02:12<00:00, 128.69it/s, l
100%|█| 17098/17098 [02:12<00:00, 129.23it/s, l
INFO | [EPOCH 6] LOSS : train=0.06912517183771753 val=0.06306427812272902 | ACCURACY : train=0.9718438881275208 val=0.971962198208383        
100%|█| 17098/17098 [02:13<00:00, 128.55it/s, l
100%|█| 17098/17098 [02:13<00:00, 128.11it/s, l
100%|█| 17098/17098 [02:12<00:00, 128.91it/s, l
100%|█| 17098/17098 [02:11<00:00, 129.77it/s, l
100%|█| 17098/17098 [02:11<00:00, 130.13it/s, l
INFO | [EPOCH 11] LOSS : train=0.06552318680161258 val=0.06061359614898414 | ACCURACY : train=0.9719230924967311 val=0.9719877849987761      
100%|█| 17098/17098 [02:10<00:00, 130.69it/s, l
100%|█| 17098/17098 [02:11<00:00, 130.07it/s, l
100%|█| 17098/17098 [02:12<00:00, 129.48it/s, l
100%|█| 17098/17098 [02:11<00:00, 129.87it/s, l
100%|█| 17098/17098 [02:12<00:00, 129.13it/s, l
INFO | [EPOCH 16] LOSS : train=0.06397226637501453 val=0.05987604991959888 | ACCURACY : train=0.9719351289223225 val=0.9721546321944639      
100%|█| 17098/17098 [02:11<00:00, 129.59it/s, l
100%|█| 17098/17098 [02:12<00:00, 128.80it/s, l
100%|█| 17098/17098 [02:12<00:00, 129.40it/s, l
100%|█| 17098/17098 [02:12<00:00, 128.90it/s, l
100%|█| 17098/17098 [02:12<00:00, 129.30it/s, l
INFO | [EPOCH 21] LOSS : train=0.06290665318302009 val=0.05915211953169882 | ACCURACY : train=0.9719307459869054 val=0.9720557499107575      
100%|█| 17098/17098 [02:13<00:00, 127.80it/s, l
100%|█| 17098/17098 [02:13<00:00, 127.94it/s, l
100%|█| 17098/17098 [02:12<00:00, 129.46it/s, l
100%|█| 17098/17098 [02:12<00:00, 129.13it/s, l
100%|█| 17098/17098 [02:12<00:00, 128.76it/s, l
INFO | [EPOCH 26] LOSS : train=0.062103596625437595 val=0.058406313019092944 | ACCURACY : train=0.9719137854012205 val=0.9719749916035796    
100%|█| 17098/17098 [02:12<00:00, 129.43it/s, l
100%|█| 17098/17098 [02:12<00:00, 128.61it/s, l
100%|█| 17098/17098 [02:12<00:00, 128.78it/s, l
100%|█| 17098/17098 [02:12<00:00, 129.49it/s, l
INFO | Restored best model weights with val_acc=0.972155
INFO | Test accuracy: 97.2357505533893 %
INFO |     
##### Model (v3) ##### 
INFO | Learning Rate: 0.01    
INFO | Optimizer: sgd  
INFO | Hidden Layers: [512, 256]  
INFO | Batch Size: 1024                        
INFO | Num Epochs: 30  
INFO | Dropout: 0.5    
100%|█| 17098/17098 [02:10<00:00, 130.54it/s, l
INFO | [EPOCH 1] LOSS : train=0.08397176537646621 val=0.061158529920483165 | ACCURACY : train=0.964105936198475 val=0.9720152374926353       
100%|█| 17098/17098 [02:11<00:00, 130.12it/s, l
100%|█| 17098/17098 [02:11<00:00, 129.84it/s, l
100%|█| 17098/17098 [02:11<00:00, 130.41it/s, l
100%|█| 17098/17098 [02:11<00:00, 130.01it/s, l
100%|█| 17098/17098 [02:11<00:00, 130.05it/s, l
INFO | [EPOCH 6] LOSS : train=0.057267127173052594 val=0.05121401083751228 | ACCURACY : train=0.9725215198010893 val=0.9719334130691909      
100%|█| 17098/17098 [02:11<00:00, 129.82it/s, l
100%|█| 17098/17098 [02:11<00:00, 129.79it/s, l
100%|█| 17098/17098 [02:11<00:00, 130.26it/s, l
100%|█| 17098/17098 [02:12<00:00, 129.22it/s, l
100%|█| 17098/17098 [02:12<00:00, 128.91it/s, l
INFO | [EPOCH 11] LOSS : train=0.05208895965708632 val=0.04590472245337767 | ACCURACY : train=0.975342786929833 val=0.9722833657336287       
100%|█| 17098/17098 [02:11<00:00, 129.97it/s, l
100%|█| 17098/17098 [02:11<00:00, 130.19it/s, l
100%|█| 17098/17098 [02:11<00:00, 130.37it/s, l
100%|█| 17098/17098 [02:10<00:00, 130.74it/s, l
100%|█| 17098/17098 [02:11<00:00, 130.23it/s, l
INFO | [EPOCH 16] LOSS : train=0.04932349705379049 val=0.0416260956965517 | ACCURACY : train=0.9769436827855217 val=0.9815768478478927       
100%|█| 17098/17098 [02:10<00:00, 130.64it/s, l
100%|█| 17098/17098 [02:10<00:00, 130.59it/s, l
100%|█| 17098/17098 [02:08<00:00, 133.19it/s, l
100%|█| 17098/17098 [02:08<00:00, 133.29it/s, l
100%|█| 17098/17098 [02:08<00:00, 133.25it/s, l
INFO | [EPOCH 21] LOSS : train=0.04774773793232059 val=0.042196834600717645 | ACCURACY : train=0.9778672991258831 val=0.9815840441326907     
100%|█| 17098/17098 [02:09<00:00, 132.53it/s, l
100%|█| 17098/17098 [02:08<00:00, 132.91it/s, l
100%|█| 17098/17098 [02:08<00:00, 133.50it/s, l
100%|█| 17098/17098 [02:07<00:00, 134.47it/s, l
100%|█| 17098/17098 [02:05<00:00, 136.16it/s, l
INFO | [EPOCH 26] LOSS : train=0.04675952129400216 val=0.04521228755746996 | ACCURACY : train=0.9784291031165686 val=0.981593106120955       
100%|█| 17098/17098 [02:05<00:00, 136.32it/s, l
100%|█| 17098/17098 [02:05<00:00, 136.02it/s, l
100%|█| 17098/17098 [02:05<00:00, 136.75it/s, l
100%|█| 17098/17098 [02:04<00:00, 136.83it/s, l
INFO | Restored best model weights with val_acc=0.981593
INFO | Test accuracy: 98.17416892106357 %      

Best lr=0.01 (test acc = 0.9817416892106356)   
$ tmux capture-pane -p -S - -E - -J > v3.log   

