$ python neuralnets/run.py --run v4 --learning-rates 1e-4 1e-3 1e-2 --optimizer sgd --layers 512 256 --batch-size 1024 --dropout 0.0         
Loading cached transformed data...
(17507702, 30) (17507702, 1)  
(3751650, 30) (3751650, 1)
(3751651, 30) (3751651, 1)

Class distribution - Train: Benign=35.11%, Malware=64.89%
Class distribution - Val: Benign=35.12%, Malware=64.88%
Class distribution - Test: Benign=35.08%, Malware=64.92%

Using CUDA...          
INFO |     
##### Model (v4) ##### 
INFO | Learning Rate: 0.0001  
INFO | Optimizer: sgd  
INFO | Hidden Layers: [512, 256]  
INFO | Batch Size: 1024                        
INFO | Num Epochs: 30  
INFO | Dropout: 0.0    
100%|█| 17098/17098 [02:16<00:00, 125.11it/s, l
INFO | [EPOCH 1] LOSS : train=0.28457531911045475 val=0.21341145430654937 | ACCURACY : train=0.9058721735995058 val=0.9711271626427445       
100%|█| 17098/17098 [02:09<00:00, 131.95it/s, l
100%|█| 17098/17098 [02:09<00:00, 131.61it/s, l
100%|█| 17098/17098 [02:09<00:00, 131.83it/s, l
100%|█| 17098/17098 [02:10<00:00, 131.28it/s, l
100%|█| 17098/17098 [02:09<00:00, 131.89it/s, l
INFO | [EPOCH 6] LOSS : train=0.0674010957831447 val=0.07306729704670316 | ACCURACY : train=0.9720815610977652 val=0.9721375743342019        
100%|█| 17098/17098 [02:09<00:00, 131.69it/s, l
100%|█| 17098/17098 [02:09<00:00, 131.74it/s, l
100%|█| 17098/17098 [02:10<00:00, 131.48it/s, l
100%|█| 17098/17098 [02:10<00:00, 131.35it/s, l
100%|█| 17098/17098 [02:10<00:00, 131.16it/s, l
INFO | [EPOCH 11] LOSS : train=0.06329599151631617 val=0.06392570671535963 | ACCURACY : train=0.9720268742858854 val=0.9719997788067728      
100%|█| 17098/17098 [02:09<00:00, 131.90it/s, l
100%|█| 17098/17098 [02:10<00:00, 131.06it/s, l
100%|█| 17098/17098 [02:11<00:00, 130.12it/s, l
100%|█| 17098/17098 [02:10<00:00, 131.15it/s, l
100%|█| 17098/17098 [02:12<00:00, 129.06it/s, l
INFO | [EPOCH 16] LOSS : train=0.0618924164603352 val=0.0630569740637779 | ACCURACY : train=0.972027373360617 val=0.9720341610563634         
100%|█| 17098/17098 [02:09<00:00, 132.04it/s, l
100%|█| 17098/17098 [02:10<00:00, 130.96it/s, l
100%|█| 17098/17098 [02:09<00:00, 131.54it/s, l
100%|█| 17098/17098 [02:10<00:00, 131.30it/s, l
100%|█| 17098/17098 [02:11<00:00, 130.44it/s, l
INFO | [EPOCH 21] LOSS : train=0.06102684704641987 val=0.06369495199887514 | ACCURACY : train=0.9720265981760314 val=0.9719763242489126      
INFO | Early stopping triggered! No improvement in val_acc for 3 epochs. Best val_acc: 0.972138
INFO | Restored best model weights with val_acc=0.972138
INFO | Test accuracy: 97.23479104874957 %      
INFO |     
##### Model (v4) ##### 
INFO | Learning Rate: 0.001   
INFO | Optimizer: sgd  
INFO | Hidden Layers: [512, 256]  
INFO | Batch Size: 1024                        
INFO | Num Epochs: 30  
INFO | Dropout: 0.0    
100%|█| 17098/17098 [02:11<00:00, 129.98it/s, l
INFO | [EPOCH 1] LOSS : train=0.10125093017649771 val=0.06626848622802727 | ACCURACY : train=0.9601532961174903 val=0.9722074049496494       
100%|█| 17098/17098 [02:11<00:00, 129.71it/s, l
100%|█| 17098/17098 [02:11<00:00, 130.32it/s, l
100%|█| 17098/17098 [02:11<00:00, 129.86it/s, l
100%|█| 17098/17098 [02:11<00:00, 129.92it/s, l
100%|█| 17098/17098 [02:10<00:00, 130.68it/s, l
INFO | [EPOCH 6] LOSS : train=0.05373650867893293 val=0.05587078148283585 | ACCURACY : train=0.972081543381611 val=0.9720400246958285        
100%|█| 17098/17098 [02:12<00:00, 129.31it/s, l
100%|█| 17098/17098 [02:11<00:00, 130.49it/s, l
100%|█| 17098/17098 [02:11<00:00, 130.05it/s, l
100%|█| 17098/17098 [02:13<00:00, 128.22it/s, l
100%|█| 17098/17098 [02:11<00:00, 130.37it/s, l
INFO | [EPOCH 11] LOSS : train=0.04535316951136702 val=0.04976560687341251 | ACCURACY : train=0.9790418514739367 val=0.9815000874767137      
100%|█| 17098/17098 [02:10<00:00, 130.76it/s, l
100%|█| 17098/17098 [02:11<00:00, 129.86it/s, l
100%|█| 17098/17098 [02:10<00:00, 130.58it/s, l
100%|█| 17098/17098 [02:11<00:00, 129.86it/s, l
100%|█| 17098/17098 [02:10<00:00, 130.66it/s, l
INFO | [EPOCH 16] LOSS : train=0.04338055676994707 val=0.04708588089871192 | ACCURACY : train=0.9804522341239493 val=0.9815787135513588      
100%|█| 17098/17098 [02:10<00:00, 130.85it/s, l
100%|█| 17098/17098 [02:10<00:00, 130.89it/s, l
100%|█| 17098/17098 [02:11<00:00, 130.30it/s, l
100%|█| 17098/17098 [02:10<00:00, 130.60it/s, l
100%|█| 17098/17098 [02:11<00:00, 129.87it/s, l
INFO | [EPOCH 21] LOSS : train=0.042529349609580235 val=0.04667714882924681 | ACCURACY : train=0.9809549329385157 val=0.9815872424814899     
100%|█| 17098/17098 [02:10<00:00, 130.65it/s, l
100%|█| 17098/17098 [02:11<00:00, 130.07it/s, l
100%|█| 17098/17098 [02:11<00:00, 129.72it/s, l
100%|█| 17098/17098 [02:11<00:00, 129.85it/s, l
100%|█| 17098/17098 [02:12<00:00, 129.38it/s, l
INFO | [EPOCH 26] LOSS : train=0.04211648519746049 val=0.0461233178657931 | ACCURACY : train=0.9811537007216558 val=0.9815912404174888       
100%|█| 17098/17098 [02:12<00:00, 129.19it/s, l
100%|█| 17098/17098 [02:11<00:00, 129.81it/s, l
100%|█| 17098/17098 [02:11<00:00, 130.38it/s, l
100%|█| 17098/17098 [02:11<00:00, 130.50it/s, l
INFO | Restored best model weights with val_acc=0.981591
INFO | Test accuracy: 98.17432883850353 %      
INFO |     
##### Model (v4) ##### 
INFO | Learning Rate: 0.01
INFO | Optimizer: sgd  
INFO | Hidden Layers: [512, 256]  
INFO | Batch Size: 1024                        
INFO | Num Epochs: 30  
INFO | Dropout: 0.0    
100%|█| 17098/17098 [02:09<00:00, 131.88it/s, l
INFO | [EPOCH 1] LOSS : train=0.061572379236745654 val=0.04921226650750972 | ACCURACY : train=0.9713336894534208 val=0.9718902353604028      
100%|█| 17098/17098 [02:09<00:00, 132.07it/s, l
100%|█| 17098/17098 [02:11<00:00, 130.46it/s, l
100%|█| 17098/17098 [02:11<00:00, 130.03it/s, l
100%|█| 17098/17098 [02:11<00:00, 130.50it/s, l
100%|█| 17098/17098 [02:11<00:00, 130.13it/s, l
INFO | [EPOCH 6] LOSS : train=0.043921693437566627 val=0.043151033027544944 | ACCURACY : train=0.9806942955271265 val=0.9815901743012224     
100%|█| 17098/17098 [02:11<00:00, 130.50it/s, l
100%|█| 17098/17098 [02:11<00:00, 129.73it/s, l
100%|█| 17098/17098 [02:10<00:00, 130.73it/s, l
100%|█| 17098/17098 [02:11<00:00, 130.44it/s, l
100%|█| 17098/17098 [02:11<00:00, 129.89it/s, l
INFO | [EPOCH 11] LOSS : train=0.04256100413015951 val=0.0440482260381262 | ACCURACY : train=0.9811439611351495 val=0.9811951782245303       
100%|█| 17098/17098 [02:10<00:00, 130.97it/s, l
100%|█| 17098/17098 [02:11<00:00, 130.41it/s, l
100%|█| 17098/17098 [02:11<00:00, 129.68it/s, l
100%|█| 17098/17098 [02:10<00:00, 130.53it/s, l
100%|█| 17098/17098 [02:12<00:00, 129.51it/s, l
INFO | [EPOCH 16] LOSS : train=0.041939180935774964 val=0.04295443856298688 | ACCURACY : train=0.9813261476786238 val=0.9816035007545522     
100%|█| 17098/17098 [02:11<00:00, 130.00it/s, l
100%|█| 17098/17098 [02:11<00:00, 130.15it/s, l
100%|█| 17098/17098 [02:11<00:00, 130.49it/s, l
100%|█| 17098/17098 [02:11<00:00, 130.09it/s, l
100%|█| 17098/17098 [02:11<00:00, 129.94it/s, l
INFO | [EPOCH 21] LOSS : train=0.0415757350233169 val=0.042226247920544906 | ACCURACY : train=0.9814089353613887 val=0.9816027011673524      
100%|█| 17098/17098 [02:10<00:00, 131.07it/s, l
100%|█| 17098/17098 [02:15<00:00, 126.60it/s, l
100%|█| 17098/17098 [02:09<00:00, 131.78it/s, l
100%|█| 17098/17098 [02:08<00:00, 132.79it/s, l
100%|█| 17098/17098 [02:08<00:00, 133.25it/s, l
INFO | [EPOCH 26] LOSS : train=0.04134652963465265 val=0.044220101765426095 | ACCURACY : train=0.9814829693954442 val=0.9814054696580728     
100%|█| 17098/17098 [02:07<00:00, 133.91it/s, l
100%|█| 17098/17098 [02:08<00:00, 133.45it/s, l
100%|█| 17098/17098 [02:08<00:00, 133.18it/s, l
100%|█| 17098/17098 [02:08<00:00, 133.29it/s, l
INFO | Restored best model weights with val_acc=0.981604
INFO | Test accuracy: 98.17542160767655 %      

Best lr=0.01 (test acc = 0.9817542160767655)   
$ tmux capture-pane -p -S - -E - -J > v4.log   

