$ python neuralnets/run.py --run v5 --learning-rates 1e-4 1e-3 1e-2 --optimizer adam --layers 512 --batch-size 1024 --dropout 0.5            
Loading cached transformed data...
(17507702, 30) (17507702, 1)  
(3751650, 30) (3751650, 1) 
(3751651, 30) (3751651, 1) 

Class distribution - Train: Benign=35.11%, Malware=64.89%
Class distribution - Val: Benign=35.12%, Malware=64.88%
Class distribution - Test: Benign=35.08%, Malware=64.92%

Using CUDA...          
INFO |     
##### Model (v5) ##### 
INFO | Learning Rate: 0.0001  
INFO | Optimizer: adam 
INFO | Hidden Layers: [512]
INFO | Batch Size: 1024                        
INFO | Num Epochs: 30  
INFO | Dropout: 0.5    
100%|█| 17098/17098 [02:18<00:00, 123.15it/s, l
INFO | [EPOCH 1] LOSS : train=0.07575509522754273 val=0.05655907345559513 | ACCURACY : train=0.967091112879232 val=0.9719613986211832        
100%|█| 17098/17098 [02:11<00:00, 129.98it/s, l
100%|█| 17098/17098 [02:08<00:00, 132.85it/s, l
100%|█| 17098/17098 [02:08<00:00, 132.58it/s, l
100%|█| 17098/17098 [02:08<00:00, 132.96it/s, l
100%|█| 17098/17098 [02:08<00:00, 132.93it/s, l
INFO | [EPOCH 6] LOSS : train=0.056455405829793526 val=0.04899827892562643 | ACCURACY : train=0.9736657492639531 val=0.9720485536259595      
100%|█| 17098/17098 [02:08<00:00, 133.18it/s, l
100%|█| 17098/17098 [02:08<00:00, 132.57it/s, l
100%|█| 17098/17098 [02:08<00:00, 132.97it/s, l
100%|█| 17098/17098 [02:09<00:00, 132.33it/s, l
100%|█| 17098/17098 [02:09<00:00, 132.42it/s, l
INFO | [EPOCH 11] LOSS : train=0.055634440940253875 val=0.045600861924045666 | ACCURACY : train=0.9743638677246488 val=0.9720466879224934    
100%|█| 17098/17098 [02:08<00:00, 132.57it/s, l
100%|█| 17098/17098 [02:09<00:00, 132.14it/s, l
100%|█| 17098/17098 [02:08<00:00, 132.80it/s, l
100%|█| 17098/17098 [02:08<00:00, 132.82it/s, l
100%|█| 17098/17098 [02:09<00:00, 131.81it/s, l
INFO | [EPOCH 16] LOSS : train=0.05433405043082529 val=0.044607767715285566 | ACCURACY : train=0.9752477615398891 val=0.9730698930091473     
100%|█| 17098/17098 [02:07<00:00, 133.83it/s, l
100%|█| 17098/17098 [02:08<00:00, 133.34it/s, l
100%|█| 17098/17098 [02:08<00:00, 133.34it/s, l
100%|█| 17098/17098 [02:08<00:00, 133.39it/s, l
100%|█| 17098/17098 [02:08<00:00, 133.47it/s, l
INFO | [EPOCH 21] LOSS : train=0.05238846187742447 val=0.04489059843235816 | ACCURACY : train=0.9763406413328524 val=0.9729632813825098      
100%|█| 17098/17098 [02:07<00:00, 134.32it/s, l
100%|█| 17098/17098 [02:07<00:00, 133.78it/s, l
100%|█| 17098/17098 [02:07<00:00, 133.68it/s, l
100%|█| 17098/17098 [02:08<00:00, 133.54it/s, l
100%|█| 17098/17098 [02:07<00:00, 133.69it/s, l
INFO | [EPOCH 26] LOSS : train=0.051581308698846605 val=0.042134425536765996 | ACCURACY : train=0.9769695534010577 val=0.9815987032313535    
100%|█| 17098/17098 [02:07<00:00, 134.37it/s, l
100%|█| 17098/17098 [02:08<00:00, 133.51it/s, l
100%|█| 17098/17098 [02:08<00:00, 133.22it/s, l
100%|█| 17098/17098 [02:08<00:00, 132.89it/s, l
INFO | Restored best model weights with val_acc=0.981599
INFO | Test accuracy: 98.17502181407666 %      
INFO |     
##### Model (v5) ##### 
INFO | Learning Rate: 0.001
INFO | Optimizer: adam 
INFO | Hidden Layers: [512]
INFO | Batch Size: 1024                        
INFO | Num Epochs: 30  
INFO | Dropout: 0.5    
100%|█| 17098/17098 [02:08<00:00, 133.40it/s, l
INFO | [EPOCH 1] LOSS : train=0.0624190724146195 val=0.06282366672937462 | ACCURACY : train=0.9716131111790192 val=0.9720474875096932        
100%|█| 17098/17098 [02:09<00:00, 132.22it/s, l
100%|█| 17098/17098 [02:09<00:00, 132.41it/s, l
100%|█| 17098/17098 [02:08<00:00, 132.90it/s, l
100%|█| 17098/17098 [02:09<00:00, 131.66it/s, l
100%|█| 17098/17098 [02:09<00:00, 132.04it/s, l
INFO | [EPOCH 6] LOSS : train=0.053269446918326684 val=0.04919291060930321 | ACCURACY : train=0.9747630214569847 val=0.9722119359437815      
100%|█| 17098/17098 [02:09<00:00, 132.29it/s, l
100%|█| 17098/17098 [02:09<00:00, 131.59it/s, l
100%|█| 17098/17098 [02:09<00:00, 131.80it/s, l
100%|█| 17098/17098 [02:09<00:00, 131.82it/s, l
100%|█| 17098/17098 [02:09<00:00, 131.81it/s, l
INFO | [EPOCH 11] LOSS : train=0.05097911773182618 val=0.04413659232577073 | ACCURACY : train=0.9761246722899678 val=0.981604300341752       
100%|█| 17098/17098 [02:09<00:00, 132.46it/s, l
100%|█| 17098/17098 [02:09<00:00, 131.87it/s, l
100%|█| 17098/17098 [02:09<00:00, 131.69it/s, l
100%|█| 17098/17098 [02:09<00:00, 131.61it/s, l
100%|█| 17098/17098 [02:09<00:00, 131.61it/s, l
INFO | [EPOCH 16] LOSS : train=0.0501250889185406 val=0.04273525134718257 | ACCURACY : train=0.9767341079391475 val=0.9816181598532148       
100%|█| 17098/17098 [02:09<00:00, 131.91it/s, l
100%|█| 17098/17098 [02:10<00:00, 131.00it/s, l
100%|█| 17098/17098 [02:10<00:00, 131.48it/s, l
100%|█| 17098/17098 [02:10<00:00, 131.36it/s, l
100%|█| 17098/17098 [02:09<00:00, 132.52it/s, l
INFO | [EPOCH 21] LOSS : train=0.049471824656305244 val=0.04246110570216429 | ACCURACY : train=0.9770191175252433 val=0.9815859098361569     
100%|█| 17098/17098 [02:08<00:00, 132.59it/s, l
100%|█| 17098/17098 [02:09<00:00, 131.97it/s, l
100%|█| 17098/17098 [02:09<00:00, 131.66it/s, l
100%|█| 17098/17098 [02:09<00:00, 132.50it/s, l
100%|█| 17098/17098 [02:09<00:00, 131.95it/s, l
INFO | [EPOCH 26] LOSS : train=0.049168980742392586 val=0.04278473125050845 | ACCURACY : train=0.9771607764242183 val=0.9816045668708185     
100%|█| 17098/17098 [02:09<00:00, 132.44it/s, l
100%|█| 17098/17098 [02:09<00:00, 132.39it/s, l
100%|█| 17098/17098 [02:09<00:00, 132.23it/s, l
100%|█| 17098/17098 [02:09<00:00, 131.99it/s, l
INFO | Restored best model weights with val_acc=0.981618
INFO | Test accuracy: 98.17646107103627 %      
INFO |     
##### Model (v5) ##### 
INFO | Learning Rate: 0.01 
INFO | Optimizer: adam 
INFO | Hidden Layers: [512]
INFO | Batch Size: 1024                        
INFO | Num Epochs: 30  
INFO | Dropout: 0.5    
100%|█| 17098/17098 [02:08<00:00, 133.21it/s, l
INFO | [EPOCH 1] LOSS : train=0.06713712734192809 val=0.059916190236225304 | ACCURACY : train=0.9716306306985627 val=0.9721767541069911      
100%|█| 17098/17098 [02:08<00:00, 132.98it/s, l
100%|█| 17098/17098 [02:08<00:00, 132.56it/s, l
100%|█| 17098/17098 [02:08<00:00, 132.69it/s, l
100%|█| 17098/17098 [02:09<00:00, 132.46it/s, l
100%|█| 17098/17098 [02:08<00:00, 133.08it/s, l
INFO | [EPOCH 6] LOSS : train=0.06063325896816465 val=0.05547097485205443 | ACCURACY : train=0.9721368190656281 val=0.9721828842755228       
100%|█| 17098/17098 [02:07<00:00, 133.68it/s, l
100%|█| 17098/17098 [02:08<00:00, 133.22it/s, l
100%|█| 17098/17098 [02:08<00:00, 133.46it/s, l
100%|█| 17098/17098 [02:08<00:00, 133.12it/s, l
100%|█| 17098/17098 [02:08<00:00, 133.34it/s, l
INFO | [EPOCH 11] LOSS : train=0.05922760269372038 val=0.05514885529603272 | ACCURACY : train=0.9722970826840007 val=0.9721381073923351      
100%|█| 17098/17098 [02:07<00:00, 133.91it/s, l
100%|█| 17098/17098 [02:08<00:00, 133.37it/s, l
100%|█| 17098/17098 [02:08<00:00, 133.37it/s, l
100%|█| 17098/17098 [02:05<00:00, 135.85it/s, l
100%|█| 17098/17098 [02:05<00:00, 135.73it/s, l
INFO | [EPOCH 16] LOSS : train=0.058664222907417456 val=0.05846987764033851 | ACCURACY : train=0.9723360382725529 val=0.9722180661123132     
100%|█| 17098/17098 [02:05<00:00, 136.54it/s, l
100%|█| 17098/17098 [02:05<00:00, 136.55it/s, l
100%|█| 17098/17098 [02:05<00:00, 136.67it/s, l
100%|█| 17098/17098 [02:05<00:00, 136.48it/s, l
100%|█| 17098/17098 [02:05<00:00, 136.70it/s, l
INFO | [EPOCH 21] LOSS : train=0.05825166693622902 val=0.05354459895488021 | ACCURACY : train=0.9724410289574094 val=0.9722114028856483      
100%|█| 17098/17098 [02:04<00:00, 136.88it/s, l
100%|█| 17098/17098 [02:05<00:00, 136.75it/s, l
100%|█| 17098/17098 [02:03<00:00, 138.06it/s, l
100%|█| 17098/17098 [02:03<00:00, 138.12it/s, l
100%|█| 17098/17098 [02:03<00:00, 138.44it/s, l
INFO | [EPOCH 26] LOSS : train=0.058171829637408023 val=0.05061973861264122 | ACCURACY : train=0.9724464005741519 val=0.9720661445443547     
100%|█| 17098/17098 [02:02<00:00, 139.47it/s, l
100%|█| 17098/17098 [02:01<00:00, 141.24it/s, l
100%|█| 17098/17098 [02:00<00:00, 142.26it/s, l
100%|█| 17098/17098 [01:59<00:00, 142.72it/s, l
INFO | Restored best model weights with val_acc=0.972218
INFO | Test accuracy: 97.24164084576103 %      

Best lr=0.001 (test acc = 0.9817646107103627)  
$ tmux capture-pane -p -S - -E - > logfile.txt$ tmux capture-pane -p -S - -E - > ~/tmux_output.log                      $ tmux capture-pane -p -S - -E - > output.log                       
$ tmux capture-pane -p -S - -E - -J > v1.log   
$ tmux capture-pane -p -S - -E - -J > v5.log   

