$ python neuralnets/run.py --run v6 --learning-rates 1e-4 1e-3 1e-2 --optimizer adam --layers 512 --batch-size 1024 --dropout 0.0            
Loading cached transformed data...
(17507702, 30) (17507702, 1)  
(3751650, 30) (3751650, 1) 
(3751651, 30) (3751651, 1) 

Class distribution - Train: Benign=35.11%, Malware=64.89%
Class distribution - Val: Benign=35.12%, Malware=64.88%
Class distribution - Test: Benign=35.08%, Malware=64.92%

Using CUDA...          
INFO |     
##### Model (v6) ##### 
INFO | Learning Rate: 0.0001  
INFO | Optimizer: adam 
INFO | Hidden Layers: [512]
INFO | Batch Size: 1024                        
INFO | Num Epochs: 30  
INFO | Dropout: 0.0    
100%|█| 17098/17098 [02:22<00:00, 119.59it/s, l
INFO | [EPOCH 1] LOSS : train=0.07209359321931497 val=0.055524549439882935 | ACCURACY : train=0.9688675521493502 val=0.9719680618478481      
100%|█| 17098/17098 [02:09<00:00, 132.17it/s, l
100%|█| 17098/17098 [02:09<00:00, 131.83it/s, l
100%|█| 17098/17098 [02:09<00:00, 132.38it/s, l
100%|█| 17098/17098 [02:09<00:00, 132.16it/s, l
100%|█| 17098/17098 [02:09<00:00, 132.27it/s, l
INFO | [EPOCH 6] LOSS : train=0.052779613048468316 val=0.04814679330107085 | ACCURACY : train=0.9747829847355896 val=0.9722148677635141      
100%|█| 17098/17098 [02:08<00:00, 132.62it/s, l
100%|█| 17098/17098 [02:09<00:00, 131.97it/s, l
100%|█| 17098/17098 [02:09<00:00, 131.60it/s, l
100%|█| 17098/17098 [02:09<00:00, 132.09it/s, l
100%|█| 17098/17098 [02:10<00:00, 130.94it/s, l
INFO | [EPOCH 11] LOSS : train=0.04957555238125265 val=0.0444983279095621 | ACCURACY : train=0.9767596535772479 val=0.9814459820761952       
100%|█| 17098/17098 [02:08<00:00, 132.69it/s, l
100%|█| 17098/17098 [02:09<00:00, 132.36it/s, l
100%|█| 17098/17098 [02:08<00:00, 133.42it/s, l
100%|█| 17098/17098 [02:08<00:00, 133.17it/s, l
100%|█| 17098/17098 [02:08<00:00, 133.26it/s, l
INFO | [EPOCH 16] LOSS : train=0.04787770831215147 val=0.047392124523140296 | ACCURACY : train=0.9778822756277942 val=0.9722329917400425     
100%|█| 17098/17098 [02:07<00:00, 133.84it/s, l
100%|█| 17098/17098 [02:08<00:00, 133.39it/s, l
100%|█| 17098/17098 [02:08<00:00, 133.28it/s, l
100%|█| 17098/17098 [02:08<00:00, 133.54it/s, l
100%|█| 17098/17098 [02:07<00:00, 133.58it/s, l
INFO | [EPOCH 21] LOSS : train=0.04699685914967684 val=0.0431965746330687 | ACCURACY : train=0.9784808648142957 val=0.9815848437198905       
100%|█| 17098/17098 [02:07<00:00, 134.28it/s, l
100%|█| 17098/17098 [02:07<00:00, 133.90it/s, l
100%|█| 17098/17098 [02:07<00:00, 133.66it/s, l
100%|█| 17098/17098 [02:07<00:00, 133.61it/s, l
100%|█| 17098/17098 [02:07<00:00, 133.64it/s, l
INFO | [EPOCH 26] LOSS : train=0.04634509784260895 val=0.04641848685286988 | ACCURACY : train=0.978943225050798 val=0.9722193987576462       
100%|█| 17098/17098 [02:07<00:00, 134.14it/s, l
100%|█| 17098/17098 [02:08<00:00, 133.40it/s, l
100%|█| 17098/17098 [02:08<00:00, 132.87it/s, l
100%|█| 17098/17098 [02:09<00:00, 132.33it/s, l
INFO | Restored best model weights with val_acc=0.981585
INFO | Test accuracy: 98.17310280479718 %      
INFO |     
##### Model (v6) ##### 
INFO | Learning Rate: 0.001
INFO | Optimizer: adam 
INFO | Hidden Layers: [512]
INFO | Batch Size: 1024                        
INFO | Num Epochs: 30  
INFO | Dropout: 0.0    
100%|█| 17098/17098 [02:08<00:00, 133.45it/s, l
INFO | [EPOCH 1] LOSS : train=0.060260708374317164 val=0.05150352763500081 | ACCURACY : train=0.972118546348076 val=0.9720768057070185       
100%|█| 17098/17098 [02:08<00:00, 132.91it/s, l
100%|█| 17098/17098 [02:08<00:00, 132.69it/s, l
100%|█| 17098/17098 [02:09<00:00, 132.36it/s, l
100%|█| 17098/17098 [02:10<00:00, 131.34it/s, l
100%|█| 17098/17098 [02:10<00:00, 131.39it/s, l
INFO | [EPOCH 6] LOSS : train=0.04860719858293666 val=0.045182674305003105 | ACCURACY : train=0.9771669149775298 val=0.9815944387662879      
100%|█| 17098/17098 [02:08<00:00, 132.62it/s, l
100%|█| 17098/17098 [02:10<00:00, 131.30it/s, l
100%|█| 17098/17098 [02:09<00:00, 131.89it/s, l
100%|█| 17098/17098 [02:09<00:00, 131.75it/s, l
100%|█| 17098/17098 [02:09<00:00, 132.01it/s, l
INFO | [EPOCH 11] LOSS : train=0.04629776192244444 val=0.04208404731410088 | ACCURACY : train=0.9786696862353123 val=0.9816050999289517      
100%|█| 17098/17098 [02:08<00:00, 132.64it/s, l
100%|█| 17098/17098 [02:09<00:00, 132.04it/s, l
100%|█| 17098/17098 [02:09<00:00, 132.15it/s, l
100%|█| 17098/17098 [02:09<00:00, 131.59it/s, l
100%|█| 17098/17098 [02:09<00:00, 131.79it/s, l
INFO | [EPOCH 16] LOSS : train=0.04543992618199297 val=0.04882294874522412 | ACCURACY : train=0.9791520995443391 val=0.9816072321614844      
100%|█| 17098/17098 [02:09<00:00, 131.62it/s, l
100%|█| 17098/17098 [02:10<00:00, 130.96it/s, l
100%|█| 17098/17098 [02:10<00:00, 131.43it/s, l
100%|█| 17098/17098 [02:10<00:00, 131.47it/s, l
100%|█| 17098/17098 [02:10<00:00, 131.14it/s, l
INFO | [EPOCH 21] LOSS : train=0.04501950902589156 val=0.04246133083643343 | ACCURACY : train=0.9794349482023502 val=0.9816072321614844      
100%|█| 17098/17098 [02:09<00:00, 132.01it/s, l
100%|█| 17098/17098 [02:10<00:00, 131.25it/s, l
100%|█| 17098/17098 [02:10<00:00, 131.06it/s, l
100%|█| 17098/17098 [02:10<00:00, 131.23it/s, l
100%|█| 17098/17098 [02:10<00:00, 131.28it/s, l
INFO | [EPOCH 26] LOSS : train=0.0446419877659563 val=0.04247501074981075 | ACCURACY : train=0.9795846332198821 val=0.9815885751268228       
100%|█| 17098/17098 [02:10<00:00, 131.21it/s, l
100%|█| 17098/17098 [02:10<00:00, 130.96it/s, l
100%|█| 17098/17098 [02:10<00:00, 131.22it/s, l
100%|█| 17098/17098 [02:10<00:00, 131.09it/s, l
INFO | Restored best model weights with val_acc=0.981607
INFO | Test accuracy: 98.17563483092982 %      
INFO |     
##### Model (v6) ##### 
INFO | Learning Rate: 0.01 
INFO | Optimizer: adam 
INFO | Hidden Layers: [512]
INFO | Batch Size: 1024                        
INFO | Num Epochs: 30  
INFO | Dropout: 0.0    
100%|█| 17098/17098 [02:10<00:00, 131.00it/s, l
INFO | [EPOCH 1] LOSS : train=0.06209058540959619 val=0.0550410318667248 | ACCURACY : train=0.9719897219626886 val=0.9722095371821822        
100%|█| 17098/17098 [02:10<00:00, 131.44it/s, l
100%|█| 17098/17098 [02:09<00:00, 131.72it/s, l
100%|█| 17098/17098 [02:09<00:00, 132.30it/s, l
100%|█| 17098/17098 [02:10<00:00, 131.47it/s, l
100%|█| 17098/17098 [02:09<00:00, 131.74it/s, l
INFO | [EPOCH 6] LOSS : train=0.05104335773072144 val=0.052028906798014606 | ACCURACY : train=0.9759754591628758 val=0.9721882148568547      
100%|█| 17098/17098 [02:09<00:00, 132.30it/s, l
100%|█| 17098/17098 [02:09<00:00, 131.76it/s, l
100%|█| 17098/17098 [02:09<00:00, 131.85it/s, l
100%|█| 17098/17098 [02:09<00:00, 131.64it/s, l
100%|█| 17098/17098 [02:09<00:00, 132.44it/s, l
INFO | [EPOCH 11] LOSS : train=0.049465345608017984 val=0.047547107526328916 | ACCURACY : train=0.9769070390051938 val=0.9815555255225652    
100%|█| 17098/17098 [02:09<00:00, 132.22it/s, l
100%|█| 17098/17098 [02:09<00:00, 131.77it/s, l
100%|█| 17098/17098 [02:09<00:00, 131.84it/s, l
100%|█| 17098/17098 [02:07<00:00, 134.05it/s, l
100%|█| 17098/17098 [02:06<00:00, 134.74it/s, l
INFO | [EPOCH 16] LOSS : train=0.048301513803124266 val=0.05612814713546022 | ACCURACY : train=0.9775499049955424 val=0.9722180661123132     
100%|█| 17098/17098 [02:06<00:00, 134.87it/s, l
100%|█| 17098/17098 [02:06<00:00, 134.99it/s, l
100%|█| 17098/17098 [02:06<00:00, 135.43it/s, l
100%|█| 17098/17098 [02:06<00:00, 135.01it/s, l
100%|█| 17098/17098 [02:06<00:00, 135.38it/s, l
INFO | [EPOCH 21] LOSS : train=0.04790115701434473 val=0.04363626507304072 | ACCURACY : train=0.9777946725186165 val=0.9747995034055418      
100%|█| 17098/17098 [02:05<00:00, 135.76it/s, l
100%|█| 17098/17098 [02:05<00:00, 136.22it/s, l
100%|█| 17098/17098 [02:05<00:00, 136.02it/s, l
100%|█| 17098/17098 [02:05<00:00, 135.85it/s, l
100%|█| 17098/17098 [02:05<00:00, 136.10it/s, l
INFO | [EPOCH 26] LOSS : train=0.04756648890495018 val=0.04588818120949101 | ACCURACY : train=0.9779286318103365 val=0.9722207314029792      
INFO | Early stopping triggered! No improvement in val_acc for 3 epochs. Best val_acc: 0.981556
INFO | Restored best model weights with val_acc=0.981556
INFO | Test accuracy: 98.17161024202426 %      

Best lr=0.001 (test acc = 0.9817563483092983)  
$ tmux capture-pane -p -S - -E - -J > v6.log   

