$ python neuralnets/run.py --run v7 --learning-rates 1e-4 1e-3 1e-2 --optimizer sgd --layers 512 --batch-size 1024 --dropout 0.5             
Loading cached transformed data...
(17507702, 30) (17507702, 1)  
(3751650, 30) (3751650, 1) 
(3751651, 30) (3751651, 1) 

Class distribution - Train: Benign=35.11%, Malware=64.89%
Class distribution - Val: Benign=35.12%, Malware=64.88%
Class distribution - Test: Benign=35.08%, Malware=64.92%

Using CUDA...          
INFO |     
##### Model (v7) ##### 
INFO | Learning Rate: 0.0001  
INFO | Optimizer: sgd  
INFO | Hidden Layers: [512]
INFO | Batch Size: 1024                        
INFO | Num Epochs: 30  
INFO | Dropout: 0.5    
100%|█| 17098/17098 [02:08<00:00, 132.60it/s, l
INFO | [EPOCH 1] LOSS : train=0.39069628521515926 val=0.33662776264268496 | ACCURACY : train=0.7375576176661778 val=0.9705298710045075       
100%|█| 17098/17098 [02:06<00:00, 134.79it/s, l
100%|█| 17098/17098 [02:07<00:00, 134.53it/s, l
100%|█| 17098/17098 [02:07<00:00, 134.52it/s, l
100%|█| 17098/17098 [02:06<00:00, 134.92it/s, l
100%|█| 17098/17098 [02:08<00:00, 132.84it/s, l
INFO | [EPOCH 6] LOSS : train=0.21397022046440733 val=0.1981611610247904 | ACCURACY : train=0.9499281150428214 val=0.9710522679750315        
100%|█| 17098/17098 [02:05<00:00, 135.80it/s, l
100%|█| 17098/17098 [02:06<00:00, 134.93it/s, l
100%|█| 17098/17098 [02:06<00:00, 134.92it/s, l
100%|█| 17098/17098 [02:06<00:00, 134.84it/s, l
100%|█| 17098/17098 [02:08<00:00, 133.02it/s, l
INFO | [EPOCH 11] LOSS : train=0.13643647409502296 val=0.13026408994301958 | ACCURACY : train=0.9681188387366844 val=0.9720536176782247      
100%|█| 17098/17098 [02:06<00:00, 134.90it/s, l
100%|█| 17098/17098 [02:07<00:00, 133.77it/s, l
100%|█| 17098/17098 [02:07<00:00, 134.08it/s, l
100%|█| 17098/17098 [02:06<00:00, 134.74it/s, l
100%|█| 17098/17098 [02:06<00:00, 134.73it/s, l
INFO | [EPOCH 16] LOSS : train=0.10188734930098851 val=0.09374703110224165 | ACCURACY : train=0.9712734596814896 val=0.9721301115203372      
100%|█| 17098/17098 [02:06<00:00, 135.05it/s, l
100%|█| 17098/17098 [02:07<00:00, 134.14it/s, l
100%|█| 17098/17098 [02:07<00:00, 134.09it/s, l
100%|█| 17098/17098 [02:07<00:00, 134.49it/s, l
100%|█| 17098/17098 [02:07<00:00, 134.39it/s, l
INFO | [EPOCH 21] LOSS : train=0.08839655371075841 val=0.07374909159109225 | ACCURACY : train=0.971665200604683 val=0.9721413057411342       
100%|█| 17098/17098 [02:06<00:00, 135.48it/s, l
100%|█| 17098/17098 [02:07<00:00, 134.44it/s, l
100%|█| 17098/17098 [02:06<00:00, 135.24it/s, l
100%|█| 17098/17098 [02:06<00:00, 134.72it/s, l
100%|█| 17098/17098 [02:08<00:00, 133.13it/s, l
INFO | [EPOCH 26] LOSS : train=0.08191204847150699 val=0.06955926078900403 | ACCURACY : train=0.9718117891612674 val=0.9721698243512598      
100%|█| 17098/17098 [02:06<00:00, 135.43it/s, l
100%|█| 17098/17098 [02:07<00:00, 134.59it/s, l
100%|█| 17098/17098 [02:06<00:00, 134.86it/s, l
100%|█| 17098/17098 [02:06<00:00, 134.79it/s, l
INFO | Restored best model weights with val_acc=0.972170
INFO | Test accuracy: 97.23686997546899 %      
INFO |     
##### Model (v7) ##### 
INFO | Learning Rate: 0.001
INFO | Optimizer: sgd  
INFO | Hidden Layers: [512]
INFO | Batch Size: 1024                        
INFO | Num Epochs: 30  
INFO | Dropout: 0.5    
100%|█| 17098/17098 [02:06<00:00, 134.90it/s, l
INFO | [EPOCH 1] LOSS : train=0.21589743386501317 val=0.12689948024016737 | ACCURACY : train=0.9266929917934276 val=0.9719115576857302       
100%|█| 17098/17098 [02:08<00:00, 132.82it/s, l
100%|█| 17098/17098 [02:08<00:00, 132.76it/s, l
100%|█| 17098/17098 [02:07<00:00, 133.68it/s, l
100%|█| 17098/17098 [02:08<00:00, 133.09it/s, l
100%|█| 17098/17098 [02:07<00:00, 133.65it/s, l
INFO | [EPOCH 6] LOSS : train=0.07203422022504316 val=0.06219272850910974 | ACCURACY : train=0.9720196749734829 val=0.9722084710659158       
100%|█| 17098/17098 [02:07<00:00, 134.51it/s, l
100%|█| 17098/17098 [02:08<00:00, 133.38it/s, l
100%|█| 17098/17098 [02:08<00:00, 133.00it/s, l
100%|█| 17098/17098 [02:08<00:00, 132.79it/s, l
100%|█| 17098/17098 [02:08<00:00, 133.13it/s, l
INFO | [EPOCH 11] LOSS : train=0.06716465350616964 val=0.0608255764963634 | ACCURACY : train=0.9720896266157661 val=0.9722116694147149       
100%|█| 17098/17098 [02:08<00:00, 133.42it/s, l
100%|█| 17098/17098 [02:09<00:00, 132.43it/s, l
100%|█| 17098/17098 [02:09<00:00, 132.05it/s, l
100%|█| 17098/17098 [02:08<00:00, 133.54it/s, l
100%|█| 17098/17098 [02:08<00:00, 133.24it/s, l
INFO | [EPOCH 16] LOSS : train=0.0652365667048477 val=0.06022204855745699 | ACCURACY : train=0.9720911415526289 val=0.9722066053624496       
100%|█| 17098/17098 [02:07<00:00, 134.02it/s, l
100%|█| 17098/17098 [02:07<00:00, 133.88it/s, l
100%|█| 17098/17098 [02:09<00:00, 131.77it/s, l
100%|█| 17098/17098 [02:10<00:00, 131.37it/s, l
100%|█| 17098/17098 [02:07<00:00, 133.68it/s, l
INFO | [EPOCH 21] LOSS : train=0.06412740125193284 val=0.059420668897239334 | ACCURACY : train=0.9720909851714873 val=0.9722255289261779     
100%|█| 17098/17098 [02:08<00:00, 133.32it/s, l
100%|█| 17098/17098 [02:08<00:00, 132.81it/s, l
100%|█| 17098/17098 [02:09<00:00, 132.25it/s, l
100%|█| 17098/17098 [02:08<00:00, 133.26it/s, l
100%|█| 17098/17098 [02:08<00:00, 132.97it/s, l
INFO | [EPOCH 26] LOSS : train=0.06341762706774211 val=0.05924361130257247 | ACCURACY : train=0.9720715808337133 val=0.972203140484584       
100%|█| 17098/17098 [02:08<00:00, 133.35it/s, l
100%|█| 17098/17098 [02:08<00:00, 133.07it/s, l
100%|█| 17098/17098 [02:09<00:00, 132.41it/s, l
100%|█| 17098/17098 [02:08<00:00, 132.75it/s, l
INFO | Restored best model weights with val_acc=0.972226
INFO | Test accuracy: 97.24249373877413 %      
INFO |     
##### Model (v7) ##### 
INFO | Learning Rate: 0.01 
INFO | Optimizer: sgd  
INFO | Hidden Layers: [512]
INFO | Batch Size: 1024                        
INFO | Num Epochs: 30  
INFO | Dropout: 0.5    
100%|█| 17098/17098 [02:08<00:00, 133.35it/s, l
INFO | [EPOCH 1] LOSS : train=0.09398039570323367 val=0.06164841400459409 | ACCURACY : train=0.9658814194725611 val=0.9721948780835196       
100%|█| 17098/17098 [02:07<00:00, 133.96it/s, l
100%|█| 17098/17098 [02:07<00:00, 134.11it/s, l
100%|█| 17098/17098 [02:06<00:00, 134.93it/s, l
100%|█| 17098/17098 [02:07<00:00, 134.12it/s, l
100%|█| 17098/17098 [02:07<00:00, 134.01it/s, l
INFO | [EPOCH 6] LOSS : train=0.06110561735100555 val=0.05773928605160355 | ACCURACY : train=0.9719557897997734 val=0.9719555349817183       
100%|█| 17098/17098 [02:07<00:00, 134.04it/s, l
100%|█| 17098/17098 [02:07<00:00, 133.88it/s, l
100%|█| 17098/17098 [02:07<00:00, 134.17it/s, l
100%|█| 17098/17098 [02:06<00:00, 135.03it/s, l
100%|█| 17098/17098 [02:08<00:00, 133.32it/s, l
INFO | [EPOCH 11] LOSS : train=0.059288812194340706 val=0.05620317627354545 | ACCURACY : train=0.9719506970433858 val=0.9719304812494584     
100%|█| 17098/17098 [02:07<00:00, 134.30it/s, l
100%|█| 17098/17098 [02:07<00:00, 133.83it/s, l
100%|█| 17098/17098 [02:07<00:00, 133.61it/s, l
100%|█| 17098/17098 [02:06<00:00, 134.95it/s, l
100%|█| 17098/17098 [02:06<00:00, 134.99it/s, l
INFO | [EPOCH 16] LOSS : train=0.058211324853803634 val=0.05446660482959098 | ACCURACY : train=0.972057801008866 val=0.9719696610222477      
INFO | Early stopping triggered! No improvement in val_acc for 3 epochs. Best val_acc: 0.972195
INFO | Restored best model weights with val_acc=0.972195
INFO | Test accuracy: 97.24017493589476 %      

Best lr=0.001 (test acc = 0.9724249373877413)  
$ tmux capture-pane -p -S - -E - -J > v7.log   

