$ python neuralnets/run.py --run v8 --learning-rates 1e-4 1e-3 1e-2 --optimizer sgd --layers 512 --batch-size 1024 --dropout 0.0             
Loading cached transformed data...
(17507702, 30) (17507702, 1)  
(3751650, 30) (3751650, 1)
(3751651, 30) (3751651, 1)

Class distribution - Train: Benign=35.11%, Malware=64.89%
Class distribution - Val: Benign=35.12%, Malware=64.88%
Class distribution - Test: Benign=35.08%, Malware=64.92%

Using CUDA...          
INFO |     
##### Model (v8) ##### 
INFO | Learning Rate: 0.0001  
INFO | Optimizer: sgd  
INFO | Hidden Layers: [512]
INFO | Batch Size: 1024                        
INFO | Num Epochs: 30  
INFO | Dropout: 0.0    
100%|█| 17098/17098 [02:02<00:00, 139.71it/s, l
INFO | [EPOCH 1] LOSS : train=0.3683702450357608 val=0.323975173081373 | ACCURACY : train=0.7603624927773087 val=0.9027383090952599          
100%|█| 17098/17098 [02:04<00:00, 137.51it/s, l
100%|█| 17098/17098 [02:04<00:00, 137.19it/s, l
100%|█| 17098/17098 [02:04<00:00, 137.18it/s, l
100%|█| 17098/17098 [02:04<00:00, 137.32it/s, l
100%|█| 17098/17098 [02:04<00:00, 137.20it/s, l
INFO | [EPOCH 6] LOSS : train=0.19933937265135585 val=0.18642205329750172 | ACCURACY : train=0.9707840987326374 val=0.9709552513947913       
100%|█| 17098/17098 [02:04<00:00, 137.63it/s, l
100%|█| 17098/17098 [02:05<00:00, 136.72it/s, l
100%|█| 17098/17098 [02:04<00:00, 137.26it/s, l
100%|█| 17098/17098 [02:05<00:00, 136.07it/s, l
100%|█| 17098/17098 [02:05<00:00, 136.43it/s, l
INFO | [EPOCH 11] LOSS : train=0.11668624745041101 val=0.11462019530316107 | ACCURACY : train=0.9719244483054374 val=0.9718470576516145      
100%|█| 17098/17098 [02:04<00:00, 137.50it/s, l
100%|█| 17098/17098 [02:05<00:00, 136.20it/s, l
100%|█| 17098/17098 [02:05<00:00, 136.35it/s, l
100%|█| 17098/17098 [02:04<00:00, 137.11it/s, l
100%|█| 17098/17098 [02:04<00:00, 136.95it/s, l
INFO | [EPOCH 16] LOSS : train=0.08621128375234241 val=0.0853994691736313 | ACCURACY : train=0.9720504059123914 val=0.9719616651502498       
100%|█| 17098/17098 [02:03<00:00, 137.92it/s, l
100%|█| 17098/17098 [02:04<00:00, 137.49it/s, l
100%|█| 17098/17098 [02:04<00:00, 137.36it/s, l
100%|█| 17098/17098 [02:04<00:00, 137.40it/s, l
100%|█| 17098/17098 [02:04<00:00, 137.33it/s, l
INFO | [EPOCH 21] LOSS : train=0.07626520578222974 val=0.07480479474484465 | ACCURACY : train=0.9720844318433343 val=0.9721279792878045      
100%|█| 17098/17098 [02:04<00:00, 137.26it/s, l
100%|█| 17098/17098 [02:05<00:00, 136.41it/s, l
100%|█| 17098/17098 [02:05<00:00, 136.35it/s, l
100%|█| 17098/17098 [02:05<00:00, 136.27it/s, l
100%|█| 17098/17098 [02:05<00:00, 136.32it/s, l
INFO | [EPOCH 26] LOSS : train=0.07167888426466258 val=0.06894265420076043 | ACCURACY : train=0.9721164831621268 val=0.9720861342243492      
100%|█| 17098/17098 [02:04<00:00, 136.98it/s, l
100%|█| 17098/17098 [02:05<00:00, 136.78it/s, l
100%|█| 17098/17098 [02:04<00:00, 137.65it/s, l
100%|█| 17098/17098 [02:04<00:00, 137.61it/s, l
INFO | Restored best model weights with val_acc=0.972128
INFO | Test accuracy: 97.23340509760328 %      
INFO |     
##### Model (v8) ##### 
INFO | Learning Rate: 0.001
INFO | Optimizer: sgd  
INFO | Hidden Layers: [512]
INFO | Batch Size: 1024                        
INFO | Num Epochs: 30  
INFO | Dropout: 0.0    
100%|█| 17098/17098 [02:04<00:00, 137.16it/s, l
INFO | [EPOCH 1] LOSS : train=0.20845108688642844 val=0.11167122733547438 | ACCURACY : train=0.9503333963334372 val=0.9719853862371768       
100%|█| 17098/17098 [02:04<00:00, 137.72it/s, l
100%|█| 17098/17098 [02:05<00:00, 136.36it/s, l
100%|█| 17098/17098 [02:06<00:00, 134.97it/s, l
100%|█| 17098/17098 [02:05<00:00, 136.58it/s, l
100%|█| 17098/17098 [02:05<00:00, 135.98it/s, l
INFO | [EPOCH 6] LOSS : train=0.06429425342726817 val=0.06312036178609576 | ACCURACY : train=0.9721975030118449 val=0.97219327890912         
100%|█| 17098/17098 [02:05<00:00, 136.31it/s, l
100%|█| 17098/17098 [02:06<00:00, 135.57it/s, l
100%|█| 17098/17098 [02:06<00:00, 134.81it/s, l
100%|█| 17098/17098 [02:05<00:00, 136.39it/s, l
100%|█| 17098/17098 [02:05<00:00, 136.42it/s, l
INFO | [EPOCH 11] LOSS : train=0.0621155863571143 val=0.06092988683203618 | ACCURACY : train=0.9722193266679173 val=0.9722066053624496       
100%|█| 17098/17098 [02:05<00:00, 136.55it/s, l
100%|█| 17098/17098 [02:05<00:00, 136.30it/s, l
100%|█| 17098/17098 [02:05<00:00, 136.10it/s, l
100%|█| 17098/17098 [02:06<00:00, 135.34it/s, l
100%|█| 17098/17098 [02:05<00:00, 136.03it/s, l
INFO | [EPOCH 16] LOSS : train=0.06120999242935244 val=0.06000385363077883 | ACCURACY : train=0.972221118938241 val=0.9722100702403154       
100%|█| 17098/17098 [02:05<00:00, 135.95it/s, l
100%|█| 17098/17098 [02:06<00:00, 135.62it/s, l
100%|█| 17098/17098 [02:05<00:00, 135.90it/s, l
100%|█| 17098/17098 [02:05<00:00, 135.85it/s, l
100%|█| 17098/17098 [02:05<00:00, 136.06it/s, l
INFO | [EPOCH 21] LOSS : train=0.06059457446910517 val=0.059442384714996806 | ACCURACY : train=0.9722120974242081 val=0.9722127355309813     
100%|█| 17098/17098 [02:05<00:00, 136.55it/s, l
100%|█| 17098/17098 [02:05<00:00, 135.72it/s, l
100%|█| 17098/17098 [02:05<00:00, 135.99it/s, l
100%|█| 17098/17098 [02:05<00:00, 136.14it/s, l
100%|█| 17098/17098 [02:05<00:00, 135.74it/s, l
INFO | [EPOCH 26] LOSS : train=0.06011546490952967 val=0.05917945120780521 | ACCURACY : train=0.9722063559295838 val=0.9722132685891145      
100%|█| 17098/17098 [02:05<00:00, 135.99it/s, l
100%|█| 17098/17098 [02:05<00:00, 135.97it/s, l
100%|█| 17098/17098 [02:05<00:00, 135.81it/s, l
100%|█| 17098/17098 [02:05<00:00, 135.92it/s, l
INFO | Restored best model weights with val_acc=0.972213
INFO | Test accuracy: 97.24145427541441 %      
INFO |     
##### Model (v8) ##### 
INFO | Learning Rate: 0.01
INFO | Optimizer: sgd  
INFO | Hidden Layers: [512]
INFO | Batch Size: 1024                        
INFO | Num Epochs: 30  
INFO | Dropout: 0.0    
100%|█| 17098/17098 [02:05<00:00, 136.62it/s, l
INFO | [EPOCH 1] LOSS : train=0.08315819409365528 val=0.06151421002710165 | ACCURACY : train=0.969163281751775 val=0.9721727561709923        
100%|█| 17098/17098 [02:04<00:00, 137.06it/s, l
100%|█| 17098/17098 [02:04<00:00, 136.79it/s, l
100%|█| 17098/17098 [02:05<00:00, 136.77it/s, l
100%|█| 17098/17098 [02:05<00:00, 136.63it/s, l
100%|█| 17098/17098 [02:05<00:00, 136.73it/s, l
INFO | [EPOCH 6] LOSS : train=0.05848759502487959 val=0.05715963912987471 | ACCURACY : train=0.972051990183491 val=0.9720552168526243        
100%|█| 17098/17098 [02:04<00:00, 137.77it/s, l
100%|█| 17098/17098 [02:05<00:00, 136.67it/s, l
100%|█| 17098/17098 [02:04<00:00, 136.85it/s, l
100%|█| 17098/17098 [02:05<00:00, 136.57it/s, l
100%|█| 17098/17098 [02:05<00:00, 136.69it/s, l
INFO | [EPOCH 11] LOSS : train=0.05665853655285822 val=0.05558701722799316 | ACCURACY : train=0.9720418086413376 val=0.9719699275513143      
100%|█| 17098/17098 [02:04<00:00, 137.27it/s, l
100%|█| 17098/17098 [02:05<00:00, 136.65it/s, l
100%|█| 17098/17098 [02:05<00:00, 136.74it/s, l
100%|█| 17098/17098 [02:05<00:00, 136.45it/s, l
100%|█| 17098/17098 [02:04<00:00, 137.21it/s, l
INFO | [EPOCH 16] LOSS : train=0.05547922629129208 val=0.05372888804159196 | ACCURACY : train=0.972185478804892 val=0.9719843201209104       
INFO | Early stopping triggered! No improvement in val_acc for 3 epochs. Best val_acc: 0.972173
INFO | Restored best model weights with val_acc=0.972173
INFO | Test accuracy: 97.23671005802905 %      

Best lr=0.001 (test acc = 0.9724145427541441)  
$ tmux capture-pane -p -S - -E - -J > v8.log   

